[2025-09-08 13:17:06,876: INFO: main: Welcome to the end-to-end ds project]
[2025-09-08 13:17:06,876: INFO: main: >>>>>>> stage Data Ingestion Stage started <<<<<<]
[2025-09-08 13:17:06,876: INFO: common: yaml file: <_io.TextIOWrapper name='config\\config.yaml' mode='r' encoding='cp1252'> loaded successfully]
[2025-09-08 13:17:06,876: INFO: common: yaml file: <_io.TextIOWrapper name='params.yaml' mode='r' encoding='cp1252'> loaded successfully]
[2025-09-08 13:17:06,876: INFO: common: yaml file: <_io.TextIOWrapper name='schema.yaml' mode='r' encoding='cp1252'> loaded successfully]
[2025-09-08 13:17:06,876: INFO: common: Created Directory at: artifacts]
[2025-09-08 13:17:06,876: INFO: common: Created Directory at: artifacts/data_ingestion]
[2025-09-08 13:17:08,665: INFO: data_ingestion: artifacts/data_ingestion/data.zip download! with following info: 
Connection: close
Content-Length: 23329
Cache-Control: max-age=300
Content-Security-Policy: default-src 'none'; style-src 'unsafe-inline'; sandbox
Content-Type: application/zip
ETag: "c69888a4ae59bc5a893392785a938ccd4937981c06ba8a9d6a21aa52b4ab5b6e"
Strict-Transport-Security: max-age=31536000
X-Content-Type-Options: nosniff
X-Frame-Options: deny
X-XSS-Protection: 1; mode=block
X-GitHub-Request-Id: 1B96:3EE007:3084FC:803851:68BE89F6
Accept-Ranges: bytes
Date: Mon, 08 Sep 2025 07:47:11 GMT
Via: 1.1 varnish
X-Served-By: cache-ccu830023-CCU
X-Cache: MISS
X-Cache-Hits: 0
X-Timer: S1757317631.319990,VS0,VE357
Vary: Authorization,Accept-Encoding
Access-Control-Allow-Origin: *
Cross-Origin-Resource-Policy: cross-origin
X-Fastly-Request-ID: f8078ae94210b44b24f233a3971ae0dd8fb4ca20
Expires: Mon, 08 Sep 2025 07:52:11 GMT
Source-Age: 0

]
[2025-09-08 13:17:08,682: INFO: main: >>>>> stage Data Ingestion Stage completed <<<<<<

x======x]
[2025-09-10 12:09:49,357: INFO: common: yaml file: <_io.TextIOWrapper name='config\\config.yaml' mode='r' encoding='UTF-8'> loaded successfully]
[2025-09-10 12:09:49,360: INFO: common: yaml file: <_io.TextIOWrapper name='params.yaml' mode='r' encoding='UTF-8'> loaded successfully]
[2025-09-10 12:09:49,370: INFO: common: yaml file: <_io.TextIOWrapper name='schema.yaml' mode='r' encoding='UTF-8'> loaded successfully]
[2025-09-10 12:09:49,372: INFO: common: Created Directory at: artifacts]
[2025-09-10 12:09:49,373: INFO: common: Created Directory at: artifacts/data_validation]
[2025-09-10 12:28:21,885: INFO: main: Welcome to the end-to-end ds project]
[2025-09-10 12:28:21,885: INFO: main: >>>>>>> stage Data Ingestion Stage started <<<<<<]
[2025-09-10 12:28:21,885: INFO: common: yaml file: <_io.TextIOWrapper name='config\\config.yaml' mode='r' encoding='cp1252'> loaded successfully]
[2025-09-10 12:28:21,885: INFO: common: yaml file: <_io.TextIOWrapper name='params.yaml' mode='r' encoding='cp1252'> loaded successfully]
[2025-09-10 12:28:21,885: INFO: common: yaml file: <_io.TextIOWrapper name='schema.yaml' mode='r' encoding='cp1252'> loaded successfully]
[2025-09-10 12:28:21,885: INFO: common: Created Directory at: artifacts]
[2025-09-10 12:28:21,885: INFO: common: Created Directory at: artifacts/data_ingestion]
[2025-09-10 12:28:21,885: INFO: data_ingestion: File already exists]
[2025-09-10 12:28:21,896: INFO: main: >>>>> stage Data Ingestion Stage completed <<<<<<

x======x]
[2025-09-10 12:28:21,896: INFO: main: >>>>>>> stage Data Validation Stage started <<<<<<]
[2025-09-10 12:28:21,896: INFO: common: yaml file: <_io.TextIOWrapper name='config\\config.yaml' mode='r' encoding='cp1252'> loaded successfully]
[2025-09-10 12:28:21,909: INFO: common: yaml file: <_io.TextIOWrapper name='params.yaml' mode='r' encoding='cp1252'> loaded successfully]
[2025-09-10 12:28:21,909: INFO: common: yaml file: <_io.TextIOWrapper name='schema.yaml' mode='r' encoding='cp1252'> loaded successfully]
[2025-09-10 12:28:21,909: INFO: common: Created Directory at: artifacts]
[2025-09-10 12:28:21,909: INFO: common: Created Directory at: artifacts/data_validation]
[2025-09-10 12:28:21,927: INFO: main: >>>>> stage Data Validation Stage completed <<<<<<

x======x]
[2025-09-10 14:50:47,731: INFO: common: yaml file: <_io.TextIOWrapper name='config\\config.yaml' mode='r' encoding='UTF-8'> loaded successfully]
[2025-09-10 14:50:47,734: INFO: common: yaml file: <_io.TextIOWrapper name='params.yaml' mode='r' encoding='UTF-8'> loaded successfully]
[2025-09-10 14:50:47,738: INFO: common: yaml file: <_io.TextIOWrapper name='schema.yaml' mode='r' encoding='UTF-8'> loaded successfully]
[2025-09-10 14:50:47,740: INFO: common: Created Directory at: artifacts]
[2025-09-10 14:52:30,389: INFO: common: yaml file: <_io.TextIOWrapper name='config\\config.yaml' mode='r' encoding='UTF-8'> loaded successfully]
[2025-09-10 14:52:30,394: INFO: common: yaml file: <_io.TextIOWrapper name='params.yaml' mode='r' encoding='UTF-8'> loaded successfully]
[2025-09-10 14:52:30,394: INFO: common: yaml file: <_io.TextIOWrapper name='schema.yaml' mode='r' encoding='UTF-8'> loaded successfully]
[2025-09-10 14:52:30,398: INFO: common: Created Directory at: artifacts]
[2025-09-10 14:52:30,398: INFO: common: Created Directory at: artifacts/data_validation]
[2025-09-10 14:54:37,148: INFO: common: yaml file: <_io.TextIOWrapper name='config\\config.yaml' mode='r' encoding='UTF-8'> loaded successfully]
[2025-09-10 14:54:37,148: INFO: common: yaml file: <_io.TextIOWrapper name='params.yaml' mode='r' encoding='UTF-8'> loaded successfully]
[2025-09-10 14:54:37,156: INFO: common: yaml file: <_io.TextIOWrapper name='schema.yaml' mode='r' encoding='UTF-8'> loaded successfully]
[2025-09-10 14:54:37,157: INFO: common: Created Directory at: artifacts]
[2025-09-10 14:54:37,157: INFO: common: Created Directory at: artifacts/data_transformation]
[2025-09-10 14:54:37,192: INFO: 389921339: Splited data into training and test sets]
[2025-09-10 14:54:37,192: INFO: 389921339: (1199, 12)]
[2025-09-10 14:54:37,193: INFO: 389921339: (400, 12)]
[2025-09-10 15:31:16,290: INFO: main: Welcome to the end-to-end ds project]
[2025-09-10 15:31:16,290: INFO: main: >>>>>>> stage Data Ingestion Stage started <<<<<<]
[2025-09-10 15:31:16,290: INFO: common: yaml file: <_io.TextIOWrapper name='config\\config.yaml' mode='r' encoding='cp1252'> loaded successfully]
[2025-09-10 15:31:16,290: INFO: common: yaml file: <_io.TextIOWrapper name='params.yaml' mode='r' encoding='cp1252'> loaded successfully]
[2025-09-10 15:31:16,290: INFO: common: yaml file: <_io.TextIOWrapper name='schema.yaml' mode='r' encoding='cp1252'> loaded successfully]
[2025-09-10 15:31:16,290: INFO: common: Created Directory at: artifacts]
[2025-09-10 15:31:16,290: INFO: common: Created Directory at: artifacts/data_ingestion]
[2025-09-10 15:31:16,290: INFO: data_ingestion: File already exists]
[2025-09-10 15:31:16,309: INFO: main: >>>>> stage Data Ingestion Stage completed <<<<<<

x======x]
[2025-09-10 15:31:16,309: INFO: main: >>>>>>> stage Data Validation Stage started <<<<<<]
[2025-09-10 15:31:16,314: INFO: common: yaml file: <_io.TextIOWrapper name='config\\config.yaml' mode='r' encoding='cp1252'> loaded successfully]
[2025-09-10 15:31:16,314: INFO: common: yaml file: <_io.TextIOWrapper name='params.yaml' mode='r' encoding='cp1252'> loaded successfully]
[2025-09-10 15:31:16,314: INFO: common: yaml file: <_io.TextIOWrapper name='schema.yaml' mode='r' encoding='cp1252'> loaded successfully]
[2025-09-10 15:31:16,314: INFO: common: Created Directory at: artifacts]
[2025-09-10 15:31:16,314: INFO: common: Created Directory at: artifacts/data_validation]
[2025-09-10 15:31:16,335: INFO: main: >>>>> stage Data Validation Stage completed <<<<<<

x======x]
[2025-09-10 15:31:16,335: INFO: main: >>>>>>> stage Data Transformation Stage started <<<<<<]
[2025-09-10 15:31:16,335: INFO: common: yaml file: <_io.TextIOWrapper name='config\\config.yaml' mode='r' encoding='cp1252'> loaded successfully]
[2025-09-10 15:31:16,335: INFO: common: yaml file: <_io.TextIOWrapper name='params.yaml' mode='r' encoding='cp1252'> loaded successfully]
[2025-09-10 15:31:16,340: INFO: common: yaml file: <_io.TextIOWrapper name='schema.yaml' mode='r' encoding='cp1252'> loaded successfully]
[2025-09-10 15:31:16,340: INFO: common: Created Directory at: artifacts]
[2025-09-10 15:31:16,341: INFO: common: Created Directory at: artifacts/data_transformation]
[2025-09-10 15:31:16,355: INFO: data_transformation: Splited data into training and test sets]
[2025-09-10 15:31:16,355: INFO: data_transformation: (1199, 12)]
[2025-09-10 15:31:16,355: INFO: data_transformation: (400, 12)]
[2025-09-10 15:31:16,355: INFO: main: >>>>> stage Data Transformation Stage completed <<<<<<

x======x]
[2025-09-12 15:06:39,467: INFO: common: yaml file: <_io.TextIOWrapper name='config\\config.yaml' mode='r' encoding='UTF-8'> loaded successfully]
[2025-09-12 15:06:39,477: INFO: common: yaml file: <_io.TextIOWrapper name='params.yaml' mode='r' encoding='UTF-8'> loaded successfully]
[2025-09-12 15:06:39,486: INFO: common: yaml file: <_io.TextIOWrapper name='schema.yaml' mode='r' encoding='UTF-8'> loaded successfully]
[2025-09-12 15:06:39,488: INFO: common: Created Directory at: artifacts]
[2025-09-12 15:06:39,489: INFO: common: Created Directory at: artifacts/model_trainer]
[2025-09-12 15:25:35,950: INFO: main: Welcome to the end-to-end ds project]
[2025-09-12 15:25:35,950: INFO: main: >>>>>>> stage Data Ingestion Stage started <<<<<<]
[2025-09-12 15:25:35,950: INFO: common: yaml file: <_io.TextIOWrapper name='config\\config.yaml' mode='r' encoding='cp1252'> loaded successfully]
[2025-09-12 15:25:35,966: INFO: common: yaml file: <_io.TextIOWrapper name='params.yaml' mode='r' encoding='cp1252'> loaded successfully]
[2025-09-12 15:25:35,966: INFO: common: yaml file: <_io.TextIOWrapper name='schema.yaml' mode='r' encoding='cp1252'> loaded successfully]
[2025-09-12 15:25:35,966: INFO: common: Created Directory at: artifacts]
[2025-09-12 15:25:35,966: INFO: common: Created Directory at: artifacts/data_ingestion]
[2025-09-12 15:25:35,966: INFO: data_ingestion: File already exists]
[2025-09-12 15:25:35,982: INFO: main: >>>>> stage Data Ingestion Stage completed <<<<<<

x======x]
[2025-09-12 15:25:35,982: INFO: main: >>>>>>> stage Data Validation Stage started <<<<<<]
[2025-09-12 15:25:35,984: INFO: common: yaml file: <_io.TextIOWrapper name='config\\config.yaml' mode='r' encoding='cp1252'> loaded successfully]
[2025-09-12 15:25:35,985: INFO: common: yaml file: <_io.TextIOWrapper name='params.yaml' mode='r' encoding='cp1252'> loaded successfully]
[2025-09-12 15:25:35,987: INFO: common: yaml file: <_io.TextIOWrapper name='schema.yaml' mode='r' encoding='cp1252'> loaded successfully]
[2025-09-12 15:25:35,987: INFO: common: Created Directory at: artifacts]
[2025-09-12 15:25:35,988: INFO: common: Created Directory at: artifacts/data_validation]
[2025-09-12 15:25:36,000: INFO: main: >>>>> stage Data Validation Stage completed <<<<<<

x======x]
[2025-09-12 15:25:36,000: INFO: main: >>>>>>> stage Data Transformation Stage started <<<<<<]
[2025-09-12 15:25:36,007: INFO: common: yaml file: <_io.TextIOWrapper name='config\\config.yaml' mode='r' encoding='cp1252'> loaded successfully]
[2025-09-12 15:25:36,014: INFO: common: yaml file: <_io.TextIOWrapper name='params.yaml' mode='r' encoding='cp1252'> loaded successfully]
[2025-09-12 15:25:36,017: INFO: common: yaml file: <_io.TextIOWrapper name='schema.yaml' mode='r' encoding='cp1252'> loaded successfully]
[2025-09-12 15:25:36,017: INFO: common: Created Directory at: artifacts]
[2025-09-12 15:25:36,018: INFO: common: Created Directory at: artifacts/data_transformation]
[2025-09-12 15:25:36,035: INFO: data_transformation: Splited data into training and test sets]
[2025-09-12 15:25:36,035: INFO: data_transformation: (1199, 12)]
[2025-09-12 15:25:36,035: INFO: data_transformation: (400, 12)]
[2025-09-12 15:25:36,035: INFO: main: >>>>> stage Data Transformation Stage completed <<<<<<

x======x]
[2025-09-12 15:25:36,035: INFO: main: >>>>>>> stage Model Training Stage started <<<<<<]
[2025-09-12 15:25:36,035: INFO: common: yaml file: <_io.TextIOWrapper name='config\\config.yaml' mode='r' encoding='cp1252'> loaded successfully]
[2025-09-12 15:25:36,035: INFO: common: yaml file: <_io.TextIOWrapper name='params.yaml' mode='r' encoding='cp1252'> loaded successfully]
[2025-09-12 15:25:36,041: INFO: common: yaml file: <_io.TextIOWrapper name='schema.yaml' mode='r' encoding='cp1252'> loaded successfully]
[2025-09-12 15:25:36,041: INFO: common: Created Directory at: artifacts]
[2025-09-12 15:25:36,042: INFO: common: Created Directory at: artifacts/model_trainer]
[2025-09-12 15:25:36,070: INFO: main: >>>>> stage Model Training Stage completed <<<<<<

x======x]
[2025-09-13 13:19:13,703: INFO: common: yaml file: <_io.TextIOWrapper name='config\\config.yaml' mode='r' encoding='UTF-8'> loaded successfully]
[2025-09-13 13:19:13,714: INFO: common: yaml file: <_io.TextIOWrapper name='params.yaml' mode='r' encoding='UTF-8'> loaded successfully]
[2025-09-13 13:19:13,724: INFO: common: yaml file: <_io.TextIOWrapper name='schema.yaml' mode='r' encoding='UTF-8'> loaded successfully]
[2025-09-13 13:19:13,725: INFO: common: Created Directory at: artifacts]
[2025-09-13 13:19:13,726: INFO: common: Created Directory at: artifacts/model_evaluation]
[2025-09-13 13:19:15,209: INFO: common: Json file saved at: artifacts\model_evaluation\metrics.json]
[2025-09-13 13:22:21,760: INFO: common: yaml file: <_io.TextIOWrapper name='config\\config.yaml' mode='r' encoding='UTF-8'> loaded successfully]
[2025-09-13 13:22:21,761: INFO: common: yaml file: <_io.TextIOWrapper name='params.yaml' mode='r' encoding='UTF-8'> loaded successfully]
[2025-09-13 13:22:21,765: INFO: common: yaml file: <_io.TextIOWrapper name='schema.yaml' mode='r' encoding='UTF-8'> loaded successfully]
[2025-09-13 13:22:21,766: INFO: common: Created Directory at: artifacts]
[2025-09-13 13:22:21,767: INFO: common: Created Directory at: artifacts/model_evaluation]
[2025-09-13 13:22:22,218: INFO: common: Json file saved at: artifacts\model_evaluation\metrics.json]
[2025-09-13 13:32:11,474: INFO: common: yaml file: <_io.TextIOWrapper name='config\\config.yaml' mode='r' encoding='UTF-8'> loaded successfully]
[2025-09-13 13:32:11,479: INFO: common: yaml file: <_io.TextIOWrapper name='params.yaml' mode='r' encoding='UTF-8'> loaded successfully]
[2025-09-13 13:32:11,479: INFO: common: yaml file: <_io.TextIOWrapper name='schema.yaml' mode='r' encoding='UTF-8'> loaded successfully]
[2025-09-13 13:32:11,479: INFO: common: Created Directory at: artifacts]
[2025-09-13 13:32:11,486: INFO: common: Created Directory at: artifacts/model_evaluation]
[2025-09-13 13:32:11,548: WARNING: connectionpool: Retrying (Retry(total=6, connect=7, read=6, redirect=7, status=7)) after connection broken by 'RemoteDisconnected('Remote end closed connection without response')': /abhiyendrugreat2s/End-to-end-DS-project.mlflow/api/2.0/mlflow/runs/create]
[2025-09-13 13:32:12,617: INFO: common: Json file saved at: artifacts\model_evaluation\metrics.json]
[2025-09-13 13:41:15,630: INFO: common: yaml file: <_io.TextIOWrapper name='config\\config.yaml' mode='r' encoding='UTF-8'> loaded successfully]
[2025-09-13 13:41:15,632: INFO: common: yaml file: <_io.TextIOWrapper name='params.yaml' mode='r' encoding='UTF-8'> loaded successfully]
[2025-09-13 13:41:15,632: INFO: common: yaml file: <_io.TextIOWrapper name='schema.yaml' mode='r' encoding='UTF-8'> loaded successfully]
[2025-09-13 13:41:15,632: INFO: common: Created Directory at: artifacts]
[2025-09-13 13:41:15,638: INFO: common: Created Directory at: artifacts/model_evaluation]
[2025-09-13 13:41:15,694: WARNING: connectionpool: Retrying (Retry(total=6, connect=7, read=6, redirect=7, status=7)) after connection broken by 'RemoteDisconnected('Remote end closed connection without response')': /abhiyendrugreat2s/End-to-end-DS-project.mlflow/api/2.0/mlflow/runs/create]
[2025-09-13 13:41:16,555: INFO: common: Json file saved at: artifacts\model_evaluation\metrics.json]
[2025-09-13 14:02:09,842: INFO: common: yaml file: <_io.TextIOWrapper name='config\\config.yaml' mode='r' encoding='UTF-8'> loaded successfully]
[2025-09-13 14:02:09,845: INFO: common: yaml file: <_io.TextIOWrapper name='params.yaml' mode='r' encoding='UTF-8'> loaded successfully]
[2025-09-13 14:02:09,850: INFO: common: yaml file: <_io.TextIOWrapper name='schema.yaml' mode='r' encoding='UTF-8'> loaded successfully]
[2025-09-13 14:02:09,852: INFO: common: Created Directory at: artifacts]
[2025-09-13 14:02:09,853: INFO: common: Created Directory at: artifacts/model_evaluation]
[2025-09-13 14:02:11,148: INFO: common: Json file saved at: artifacts\model_evaluation\metrics.json]
[2025-09-13 14:02:42,765: INFO: common: yaml file: <_io.TextIOWrapper name='config\\config.yaml' mode='r' encoding='UTF-8'> loaded successfully]
[2025-09-13 14:02:42,768: INFO: common: yaml file: <_io.TextIOWrapper name='params.yaml' mode='r' encoding='UTF-8'> loaded successfully]
[2025-09-13 14:02:42,771: INFO: common: yaml file: <_io.TextIOWrapper name='schema.yaml' mode='r' encoding='UTF-8'> loaded successfully]
[2025-09-13 14:02:42,772: INFO: common: Created Directory at: artifacts]
[2025-09-13 14:02:42,773: INFO: common: Created Directory at: artifacts/model_evaluation]
[2025-09-13 14:02:43,211: INFO: common: Json file saved at: artifacts\model_evaluation\metrics.json]
[2025-09-13 14:03:00,812: INFO: common: yaml file: <_io.TextIOWrapper name='config\\config.yaml' mode='r' encoding='UTF-8'> loaded successfully]
[2025-09-13 14:03:00,813: INFO: common: yaml file: <_io.TextIOWrapper name='params.yaml' mode='r' encoding='UTF-8'> loaded successfully]
[2025-09-13 14:03:00,813: INFO: common: yaml file: <_io.TextIOWrapper name='schema.yaml' mode='r' encoding='UTF-8'> loaded successfully]
[2025-09-13 14:03:00,818: INFO: common: Created Directory at: artifacts]
[2025-09-13 14:03:00,819: INFO: common: Created Directory at: artifacts/model_evaluation]
[2025-09-13 14:03:01,478: INFO: common: Json file saved at: artifacts\model_evaluation\metrics.json]
[2025-09-14 14:51:23,597: INFO: _internal: [31m[1mWARNING: This is a development server. Do not use it in a production deployment. Use a production WSGI server instead.[0m
 * Running on all addresses (0.0.0.0)
 * Running on http://127.0.0.1:8080
 * Running on http://10.21.130.185:8080]
[2025-09-14 14:51:23,597: INFO: _internal: [33mPress CTRL+C to quit[0m]
[2025-09-14 14:51:30,757: INFO: _internal: 127.0.0.1 - - [14/Sep/2025 14:51:30] "GET / HTTP/1.1" 200 -]
[2025-09-14 14:51:30,870: INFO: _internal: 127.0.0.1 - - [14/Sep/2025 14:51:30] "[33mGET /static/assets/img/form-v9.jpg HTTP/1.1[0m" 404 -]
[2025-09-14 14:51:30,896: INFO: _internal: 127.0.0.1 - - [14/Sep/2025 14:51:30] "[33mGET /favicon.ico HTTP/1.1[0m" 404 -]
[2025-09-14 14:51:58,414: INFO: _internal: 127.0.0.1 - - [14/Sep/2025 14:51:58] "POST /predict HTTP/1.1" 200 -]
[2025-11-14 13:04:36,295: INFO: _internal: [31m[1mWARNING: This is a development server. Do not use it in a production deployment. Use a production WSGI server instead.[0m
 * Running on all addresses (0.0.0.0)
 * Running on http://127.0.0.1:8080
 * Running on http://10.174.97.185:8080]
[2025-11-14 13:04:36,298: INFO: _internal: [33mPress CTRL+C to quit[0m]
[2025-11-14 13:04:41,019: INFO: _internal: 127.0.0.1 - - [14/Nov/2025 13:04:41] "GET / HTTP/1.1" 200 -]
[2025-11-14 13:04:41,055: INFO: _internal: 127.0.0.1 - - [14/Nov/2025 13:04:41] "[33mGET /static/assets/img/form-v9.jpg HTTP/1.1[0m" 404 -]
[2025-11-14 13:04:41,089: INFO: _internal: 127.0.0.1 - - [14/Nov/2025 13:04:41] "GET /static/css/style.css HTTP/1.1" 200 -]
[2025-11-14 13:04:41,118: INFO: _internal: 127.0.0.1 - - [14/Nov/2025 13:04:41] "[33mGET /favicon.ico HTTP/1.1[0m" 404 -]
[2025-11-14 13:05:04,243: INFO: _internal: 127.0.0.1 - - [14/Nov/2025 13:05:04] "POST /predict HTTP/1.1" 200 -]
[2025-11-14 13:05:04,277: INFO: _internal: 127.0.0.1 - - [14/Nov/2025 13:05:04] "[36mGET /static/css/style.css HTTP/1.1[0m" 304 -]
[2025-11-14 13:05:07,231: INFO: _internal: 127.0.0.1 - - [14/Nov/2025 13:05:07] "GET / HTTP/1.1" 200 -]
[2025-11-14 13:05:07,254: INFO: _internal: 127.0.0.1 - - [14/Nov/2025 13:05:07] "[36mGET /static/css/style.css HTTP/1.1[0m" 304 -]
[2025-11-14 13:05:07,256: INFO: _internal: 127.0.0.1 - - [14/Nov/2025 13:05:07] "[33mGET /static/assets/img/form-v9.jpg HTTP/1.1[0m" 404 -]
[2025-11-14 22:42:11,902: INFO: _internal: [31m[1mWARNING: This is a development server. Do not use it in a production deployment. Use a production WSGI server instead.[0m
 * Running on all addresses (0.0.0.0)
 * Running on http://127.0.0.1:8080
 * Running on http://10.174.97.185:8080]
[2025-11-14 22:42:11,903: INFO: _internal: [33mPress CTRL+C to quit[0m]
[2025-11-14 22:42:14,995: INFO: _internal: 127.0.0.1 - - [14/Nov/2025 22:42:14] "GET / HTTP/1.1" 200 -]
[2025-11-14 22:42:15,055: INFO: _internal: 127.0.0.1 - - [14/Nov/2025 22:42:15] "GET /static/css/style.css HTTP/1.1" 200 -]
[2025-11-14 22:42:15,094: INFO: _internal: 127.0.0.1 - - [14/Nov/2025 22:42:15] "[33mGET /favicon.ico HTTP/1.1[0m" 404 -]
[2025-11-14 22:42:39,592: INFO: _internal: 127.0.0.1 - - [14/Nov/2025 22:42:39] "POST / HTTP/1.1" 200 -]
[2025-11-14 22:42:39,618: INFO: _internal: 127.0.0.1 - - [14/Nov/2025 22:42:39] "[36mGET /static/css/style.css HTTP/1.1[0m" 304 -]
[2025-11-14 22:47:28,822: INFO: _internal: [31m[1mWARNING: This is a development server. Do not use it in a production deployment. Use a production WSGI server instead.[0m
 * Running on all addresses (0.0.0.0)
 * Running on http://127.0.0.1:8080
 * Running on http://10.174.97.185:8080]
[2025-11-14 22:47:28,822: INFO: _internal: [33mPress CTRL+C to quit[0m]
[2025-11-14 22:47:42,563: INFO: _internal: 127.0.0.1 - - [14/Nov/2025 22:47:42] "GET / HTTP/1.1" 200 -]
[2025-11-14 22:47:42,631: INFO: _internal: 127.0.0.1 - - [14/Nov/2025 22:47:42] "GET /static/css/style.css HTTP/1.1" 200 -]
[2025-11-14 22:48:12,899: INFO: _internal: 127.0.0.1 - - [14/Nov/2025 22:48:12] "POST / HTTP/1.1" 200 -]
[2025-11-14 22:48:12,934: INFO: _internal: 127.0.0.1 - - [14/Nov/2025 22:48:12] "[36mGET /static/css/style.css HTTP/1.1[0m" 304 -]
